
ΓòöΓòÉΓòÉΓòÉΓòÉΓòÉΓòÉΓòÉΓòÉΓòÉΓòÉΓòÉΓòÉΓòÉΓòÉΓòÉΓòÉΓòÉΓòÉΓòÉΓòÉΓòÉΓòÉΓòÉΓòÉΓòÉΓòÉΓòÉΓòÉΓòÉΓòÉΓòÉΓòÉΓòÉΓòÉΓòÉΓòÉΓòÉΓòÉΓòÉΓòÉΓòÉΓòÉΓòÉΓòÉΓòÉΓòÉΓòÉΓòÉΓòÉΓòÉΓòÉΓòÉΓòÉΓòÉΓòÉΓòÉΓòÉΓòÉΓòÉΓòÉΓòÉΓòÉΓòÉΓòÉΓòÉΓòÉΓòÉΓòÉΓòÉΓòÉΓòÉΓòÉΓòÉΓòÉΓòÉΓòù
Γòæ                                                                           Γòæ
Γòæ   ΓûêΓûêΓûêΓûêΓûêΓòù ΓûêΓûêΓòù    ΓûêΓûêΓòù   ΓûêΓûêΓòùΓûêΓûêΓòù    ΓûêΓûêΓûêΓûêΓûêΓûêΓûêΓûêΓòùΓûêΓûêΓûêΓûêΓûêΓûêΓûêΓòùΓûêΓûêΓûêΓûêΓûêΓûêΓûêΓòùΓûêΓûêΓûêΓûêΓûêΓûêΓûêΓûêΓòù      Γòæ
Γòæ  ΓûêΓûêΓòöΓòÉΓòÉΓûêΓûêΓòùΓûêΓûêΓòæ    ΓûêΓûêΓòæ   ΓûêΓûêΓòæΓûêΓûêΓòæ    ΓòÜΓòÉΓòÉΓûêΓûêΓòöΓòÉΓòÉΓò¥ΓûêΓûêΓòöΓòÉΓòÉΓòÉΓòÉΓò¥ΓûêΓûêΓòöΓòÉΓòÉΓòÉΓòÉΓò¥ΓòÜΓòÉΓòÉΓûêΓûêΓòöΓòÉΓòÉΓò¥      Γòæ
Γòæ  ΓûêΓûêΓûêΓûêΓûêΓûêΓûêΓòæΓûêΓûêΓòæ    ΓûêΓûêΓòæ   ΓûêΓûêΓòæΓûêΓûêΓòæ       ΓûêΓûêΓòæ   ΓûêΓûêΓûêΓûêΓûêΓòù  ΓûêΓûêΓûêΓûêΓûêΓûêΓûêΓòù   ΓûêΓûêΓòæ         Γòæ
Γòæ  ΓûêΓûêΓòöΓòÉΓòÉΓûêΓûêΓòæΓûêΓûêΓòæ    ΓûêΓûêΓòæ   ΓûêΓûêΓòæΓûêΓûêΓòæ       ΓûêΓûêΓòæ   ΓûêΓûêΓòöΓòÉΓòÉΓò¥  ΓòÜΓòÉΓòÉΓòÉΓòÉΓûêΓûêΓòæ   ΓûêΓûêΓòæ         Γòæ
Γòæ  ΓûêΓûêΓòæ  ΓûêΓûêΓòæΓûêΓûêΓòæ    ΓòÜΓûêΓûêΓûêΓûêΓûêΓûêΓòöΓò¥ΓûêΓûêΓòæ       ΓûêΓûêΓòæ   ΓûêΓûêΓûêΓûêΓûêΓûêΓûêΓòùΓûêΓûêΓûêΓûêΓûêΓûêΓûêΓòæ   ΓûêΓûêΓòæ         Γòæ
Γòæ  ΓòÜΓòÉΓò¥  ΓòÜΓòÉΓò¥ΓòÜΓòÉΓò¥     ΓòÜΓòÉΓòÉΓòÉΓòÉΓòÉΓò¥ ΓòÜΓòÉΓò¥       ΓòÜΓòÉΓò¥   ΓòÜΓòÉΓòÉΓòÉΓòÉΓòÉΓòÉΓò¥ΓòÜΓòÉΓòÉΓòÉΓòÉΓòÉΓòÉΓò¥   ΓòÜΓòÉΓò¥         Γòæ
Γòæ                                                                           Γòæ
Γòæ              Intelligent Web Testing with GitHub Copilot                 Γòæ
Γòæ                                                                           Γòæ
ΓòÜΓòÉΓòÉΓòÉΓòÉΓòÉΓòÉΓòÉΓòÉΓòÉΓòÉΓòÉΓòÉΓòÉΓòÉΓòÉΓòÉΓòÉΓòÉΓòÉΓòÉΓòÉΓòÉΓòÉΓòÉΓòÉΓòÉΓòÉΓòÉΓòÉΓòÉΓòÉΓòÉΓòÉΓòÉΓòÉΓòÉΓòÉΓòÉΓòÉΓòÉΓòÉΓòÉΓòÉΓòÉΓòÉΓòÉΓòÉΓòÉΓòÉΓòÉΓòÉΓòÉΓòÉΓòÉΓòÉΓòÉΓòÉΓòÉΓòÉΓòÉΓòÉΓòÉΓòÉΓòÉΓòÉΓòÉΓòÉΓòÉΓòÉΓòÉΓòÉΓòÉΓòÉΓòÉΓòÉΓò¥
        
Version 1.0.0 | Powered by GitHub Copilot & Playwright

[32m2026-04-03 19:19:20[0m | [1mINFO    [0m | [36m__main__[0m:[36m_load_test_cases[0m - [1mLoading test cases from: generated_cases\temp_tc008.csv[0m
[32m2026-04-03 19:19:20[0m | [1mINFO    [0m | [36mutils.csv_reader[0m:[36mread_test_cases[0m - [1m≡ƒôé Reading test cases from: generated_cases\temp_tc008.csv[0m
[32m2026-04-03 19:19:20[0m | [1mINFO    [0m | [36mutils.csv_reader[0m:[36mread_test_cases[0m - [1mΓ£à Successfully parsed 1 test cases[0m


ΓöîΓöÇΓöÇΓöÇΓöÇΓöÇΓöÇΓöÇΓöÇΓöÇΓöÇΓöÇΓöÇΓöÇΓöÇΓöÇΓöÇΓöÇΓöÇΓöÇΓöÇΓöÇΓöÉ
Γöé Test Execution Plan Γöé
ΓööΓöÇΓöÇΓöÇΓöÇΓöÇΓöÇΓöÇΓöÇΓöÇΓöÇΓöÇΓöÇΓöÇΓöÇΓöÇΓöÇΓöÇΓöÇΓöÇΓöÇΓöÇΓöÿ
ΓöîΓöÇΓöÇΓöÇΓöÇΓöÇΓöÇΓö¼ΓöÇΓöÇΓöÇΓöÇΓöÇΓöÇΓöÇΓöÇΓöÇΓö¼ΓöÇΓöÇΓöÇΓöÇΓöÇΓöÇΓöÇΓöÇΓöÇΓöÇΓöÇΓöÇΓö¼ΓöÇΓöÇΓöÇΓöÇΓöÇΓöÇΓöÇΓöÇΓöÇΓöÇΓö¼ΓöÇΓöÇΓöÇΓöÇΓöÇΓöÇΓöÇΓöÇΓöÇΓöÇΓöÇΓöÇΓöÇΓöÇΓöÇΓöÇΓöÇΓöÇΓöÇΓöÇΓö¼ΓöÇΓöÇΓöÇΓöÇΓöÇΓöÇΓöÇΓöÉ
Γöé #    Γöé Test ID Γöé Test Name  Γöé Priority Γöé Category           Γöé Retry Γöé
Γö£ΓöÇΓöÇΓöÇΓöÇΓöÇΓöÇΓö╝ΓöÇΓöÇΓöÇΓöÇΓöÇΓöÇΓöÇΓöÇΓöÇΓö╝ΓöÇΓöÇΓöÇΓöÇΓöÇΓöÇΓöÇΓöÇΓöÇΓöÇΓöÇΓöÇΓö╝ΓöÇΓöÇΓöÇΓöÇΓöÇΓöÇΓöÇΓöÇΓöÇΓöÇΓö╝ΓöÇΓöÇΓöÇΓöÇΓöÇΓöÇΓöÇΓöÇΓöÇΓöÇΓöÇΓöÇΓöÇΓöÇΓöÇΓöÇΓöÇΓöÇΓöÇΓöÇΓö╝ΓöÇΓöÇΓöÇΓöÇΓöÇΓöÇΓöÇΓöñ
Γöé 1    Γöé TC-008  Γöé Scenario 8 Γöé Medium   Γöé Functionality Test Γöé   Γ£ô   Γöé
ΓööΓöÇΓöÇΓöÇΓöÇΓöÇΓöÇΓö┤ΓöÇΓöÇΓöÇΓöÇΓöÇΓöÇΓöÇΓöÇΓöÇΓö┤ΓöÇΓöÇΓöÇΓöÇΓöÇΓöÇΓöÇΓöÇΓöÇΓöÇΓöÇΓöÇΓö┤ΓöÇΓöÇΓöÇΓöÇΓöÇΓöÇΓöÇΓöÇΓöÇΓöÇΓö┤ΓöÇΓöÇΓöÇΓöÇΓöÇΓöÇΓöÇΓöÇΓöÇΓöÇΓöÇΓöÇΓöÇΓöÇΓöÇΓöÇΓöÇΓöÇΓöÇΓöÇΓö┤ΓöÇΓöÇΓöÇΓöÇΓöÇΓöÇΓöÇΓöÿ

Total Tests: 1
Parallel Execution: 3 concurrent
Retry Enabled: True

